
> frontend@0.1.0 dev
> next dev

▲ Next.js 16.3.3 (Turbopack)
- Local:         http://localhost:3000
- Network:       http://10.166.126.111:3000
✓ Ready in 451ms
✓ Running next.config.ts took 6.0s
Attention: Next.js now collects completely anonymous telemetry regarding usage.
This information is used to shape Next.js' roadmap and prioritize features.
You can learn more, including how to opt-out if you'd not like to participate in this anonymous program, by visiting the following URL:
https://nextjs.org/telemetry


○ Compiling / ...
 GET / 500 in 8.5s (next.js: 8.3s, application-code: 210ms)
 GET / 500 in 35ms (next.js: 22ms, application-code: 12ms)
 GET / 500 in 22ms (next.js: 12ms, application-code: 11ms)
✓ Compiled in 334ms
 GET / 500 in 1357ms (next.js: 1321ms, application-code: 36ms)
 GET / 500 in 61ms (next.js: 46ms, application-code: 16ms)
 GET / 200 in 343ms (next.js: 20ms, application-code: 323ms)
 GET / 200 in 75ms (next.js: 6ms, application-code: 69ms)
 GET /login 200 in 1397ms (next.js: 1355ms, application-code: 42ms)
 GET / 200 in 48ms (next.js: 13ms, application-code: 35ms)
 GET / 200 in 20ms (next.js: 7ms, application-code: 14ms)
 GET / 200 in 16ms (next.js: 5ms, application-code: 11ms)
 GET /login?mode=signup 200 in 53ms (next.js: 14ms, application-code: 39ms)
 GET /patient 404 in 430ms (next.js: 355ms, application-code: 74ms)
 GET /patients 404 in 52ms (next.js: 9ms, application-code: 43ms)
 GET /evaluation 404 in 47ms (next.js: 4ms, application-code: 43ms)
 GET /dashboard 200 in 811ms (next.js: 581ms, application-code: 231ms)
 GET /dashboard/patients 200 in 472ms (next.js: 407ms, application-code: 64ms)
 GET /dashboard/patients 200 in 39ms (next.js: 6ms, application-code: 33ms)
 GET /dashboard 200 in 67ms (next.js: 5ms, application-code: 63ms)
 GET /dashboard/patients 200 in 72ms (next.js: 11ms, application-code: 60ms)
 GET /dashboard/patients 200 in 33ms (next.js: 4ms, application-code: 28ms)
 GET /dashboard/dossiers 404 in 46ms (next.js: 10ms, application-code: 36ms)
 GET /dashboard/dossiers 404 in 39ms (next.js: 7ms, application-code: 32ms)
 GET /dashboard/patients 200 in 42ms (next.js: 11ms, application-code: 31ms)
 GET /dashboard/patients/PAT-2026-001/evaluations 200 in 984ms (next.js: 947ms, application-code: 37ms)
 GET /dashboard/evaluation?patientId=PAT-2026-001&evalId=eval-001 200 in 559ms (next.js: 528ms, application-code: 31ms)
 GET /dashboard/evaluation?patientId=PAT-2026-001&evalId=eval-002 200 in 23ms (next.js: 8ms, application-code: 15ms)
 GET /dashboard/patients/add 200 in 693ms (next.js: 608ms, application-code: 86ms)
 GET /dashboard/patients/PAT-2026-001/evaluations 200 in 93ms (next.js: 19ms, application-code: 74ms)
 GET /dashboard/evaluation?patientId=PAT-2026-001&evalId=eval-001 200 in 27ms (next.js: 6ms, application-code: 21ms)
 GET /dashboard/patients 200 in 32ms (next.js: 5ms, application-code: 27ms)
 GET /dashboard/patients/add 200 in 43ms (next.js: 8ms, application-code: 34ms)
 GET /dashboard/patients 200 in 54ms (next.js: 10ms, application-code: 45ms)
 GET /dashboard/patients 200 in 28ms (next.js: 5ms, application-code: 22ms)
✓ Compiled in 153ms
 GET /dashboard/patients 200 in 29ms (next.js: 4ms, application-code: 25ms)
 GET /dashboard/patients 200 in 85ms (next.js: 7ms, application-code: 78ms)
 GET /dashboard/patients 200 in 70ms (next.js: 4ms, application-code: 66ms)
 GET /dashboard/patients/add 200 in 71ms (next.js: 5ms, application-code: 65ms)
 GET /dashboard/patients/add 200 in 37ms (next.js: 5ms, application-code: 32ms)
 GET /dashboard/dossiers 404 in 63ms (next.js: 22ms, application-code: 41ms)
 GET /dashboard/dossiers 404 in 38ms (next.js: 5ms, application-code: 32ms)
